================================================================================
工作日志 work-2026-09-24.log
项目：时刻（Moments）· iOS 全时录音转写 App
================================================================================

※ 衔接说明：本日更早的「阶段十六：M6 收尾（TTS / 学习模式 / 导出 / 水平档 /
  中文分词）」记在 work-2026-09-22.log 内（沿用该文件续写），本文件从「图标设计」
  起接续。查 2026-09-24 的全部工作需同时看这两个文件。

--------------------------------------------------------------------------------
[2026-09-24] 阶段十七：App 图标设计（设计稿，未接入 App）
--------------------------------------------------------------------------------

■ 需求
  用户提供手绘稿（近黑方块 + 青柠绿色块），要求据此设计手机上的 App 图标。
  第一轮我把中央图形读成小写 m（当作 Moments 首字母）并出了一版，用户纠正：
  「中间的字母是 E」——即以正立 E 顺时针旋转 90° 的横放形态。

■ 设计结论（经用户问答确认）
  1) 朝向：严格照手稿横放（脊线成为顶部横带，三笔成为朝下的三条腿）
  2) 含义：E 只作几何标记，不承载含义 → 图标内不加任何声波/字幕/回声音暗示
  3) 画法：改用**代码绘制**，不再用图像模型生成（理由见下）

■ 为什么弃用图像模型生成（重要，不是偏好问题）
  第一版用模型生成的图右下角带「AI生成 WORKBUDDY」水印，且水印烘焙在像素里、
  无法通过裁剪去除 —— 作为正式 App 图标直接不合格。此外模型每次输出的几何
  （笔画粗细、缺口比例、圆角）都不可控、不可复现，而图标恰恰需要"改一个数字
  就精确重出"。故改为脚本绘制。

■ 形状建模（这一处出过错，值得记住）
  正确模型：材质 = 顶部横带 ∪ 三条腿 ∪ 四处填角（fillet），**纯并集、不做减法**。
  缺口（counter）不需要"挖"，它就是三者之外的空白；缺口顶端要呈半圆，靠的是
  左右各补一块"被四分之一圆切角的方块"。
  第一版建成了「横带 ∪ 三条腿」而没有填角，结果缺口顶端是直角，与手稿的圆头
  不符。教训：这类"少了一块"的几何错误不会报错、不会崩溃，**只能靠看图发现**；
  而当时我写的圆弧判定是"减法逻辑"（只会减料、不会加料），思路本身就错了。

■ 新增文件（7 个，全部在 docs/icons/ 下，不进 App 包、不参与 Xcode 构建）
  docs/icons/make_icon.py               图标生成器（零第三方依赖）
    · 只用标准库 zlib + struct 手写 PNG，不依赖 Pillow / ImageMagick
    · 抗锯齿用 SS×SS 超采样（SS=4），解析式判定"点是否在形状内"
    · 几何全部参数化（笔画 / 缺口 / 总高 / 各处圆角），改数字即可重出
    · 顺带产出首页尺寸预览图，用于检查缩小后是否仍可辨认
  docs/icons/AppIcon-1024.png           粗笔画 + 柔和青柠绿（推荐）
  docs/icons/AppIcon-1024-sketch.png    宽缺口 + 柔和青柠绿（最接近手稿的疏朗感）
  docs/icons/AppIcon-1024-rounded.png   粗笔画 + 圆头笔端（马克笔手感）
  docs/icons/AppIcon-1024-vivid.png     粗笔画 + 高饱和青柠绿（首页更跳）
  docs/icons/preview.png                首页尺寸预览（256/180/120/60 px）
  docs/icons/preview-sketch.png         同上，对应宽缺口方案

■ 设计参数（可复现的事实记录）
  · 画布 1024×1024，满幅方图、不透明、无圆角（圆角由 iOS 蒙版裁切，图标本身
    必须画成直角方图，否则会被二次裁切）
  · 背景 #0B0C0E（近黑中性色，刻意不用纯黑：#000 在 OLED 上像"一个洞"）
  · 标记 #C6E86B（柔和青柠绿，取自手稿照片）／备选 #B9F03C（高饱和）
  · 几何 A「粗笔画」：笔画 128、缺口 96、总高 494 → 总宽 576（占画布 56%）
  · 几何 B「宽缺口」：笔画 104、缺口 124、总高 470
  · 宽高比 0.857，与手稿的实测比例一致
  · 标记在画布内几何居中；四边留白 224 px，远大于 iOS 蒙版会切掉的角部区域

■ 实现过程中发现并修正的问题（3 处，均已写入代码注释）
  1) 【几何建模错误】缺口顶端是直角（见上"形状建模"）
  2) 【PNG 标签写错】write_png 的 IHDR 里宽、高两个字段都写成了同一个值，
     于是预览图被声明成 940×940，而像素数据只有 420 行 —— 解码后下半张全黑。
     这类错误不会抛异常，只是"图不对"，必须打开看才能发现。
  3) 【预览图整体失效】把 1024 画布算出的判定函数与外接框直接套到 256 尺寸上，
     导致所有采样点都落在框外，图标被渲染成一块纯背景色。修正为每个尺寸各自
     重建几何。

■ 遵循的既有约定
  · 命令先 cd 进目录、再用纯 ASCII 相对文件名调用 Python，不把含中文的路径
    作为参数传给外部进程（既有踩坑经验的同一条原则）
  · Python 源码 UTF-8、注释中文；控制台输出只用 ASCII（避开代码页问题）
  · 脚本产物放在 docs/ 下而非 Resources/ 下 —— 后者会被打进 ipa，
    图标草案没有理由占包体积

■ 影响范围
  第一轮：仅新增 docs/icons/ 目录内容（1 个脚本 + 6 张 PNG）。
  **未修改** Sources/、Resources/、project.yml、CI 工作流中的任何一行 ——
  即 App 目前仍是"无自定义图标"的状态，图标尚未出现在手机上。
  第二轮（用户定稿后）：同步 docs/设计文档.html 与 docs/concepts.html，
  仍**未触碰任何工程文件**（见本文件末尾「阶段十八」）。

■ 潜在风险 / 待确认
  1) 图标尚未接入 Xcode 资源目录，手机上不会显示 —— 这是下一步的事
  2) 视觉判断（哪个方案最终采用）只能在真机首页上做，预览图只能排除明显问题
  3) 单尺寸 1024 图标依赖 Xcode 自动生成其余尺寸（iOS 14+ 支持），
     接入时须在 CI 中加断言，避免"构建成功但图标没进包"
================================================================================

--------------------------------------------------------------------------------
[2026-09-24] 阶段十八：图标定稿 + 两份文档同步（仍未触碰工程文件）
--------------------------------------------------------------------------------

■ 用户决策
  1) 定稿版本：**粗笔画**（docs/icons/AppIcon-1024.png）—— 笔画 128 / 缺口 96 /
     总高 494，柔和青柠绿 #C6E86B，腿端平切。理由：厚重，缩到 60 px 仍最稳
  2) 接入时机：**暂缓**。先只保留设计稿，工程文件一行不动

■ 文档同步（本次的交付一致性工作）
  1) docs/设计文档.html
     · 新增「B.10 App 图标设计（2026-09-24 定稿，尚未接入工程）」，含状态、
       图形来源、含义、配色、几何、画法、画布规范一张表，另加三张说明卡：
       为什么不用图像模型生成 / 一处几何建模教训 / 接入方案与被否路线
     · 右侧目录新增 B.10 锚点项（#impl-icon）
     · 版本号 v1.4 → v1.5
  2) docs/concepts.html
     · 第 8 节（工程与调度）新增 3 条：程序化绘制图标、图标蒙版与安全区、
       资源目录（图标）
     · 第 9 节（被否方案）新增 2 条：用图像模型生成 App 图标、
       不用资源目录而手工铺各尺寸 PNG 到包根
     · 第 10 节新增 P29：App 图标是否接入工程（待接入，2026-09-24 决定暂缓）

■ 两处刻意的措辞（避免后人误读）
  · 设计文档 B.10 的标题里直接写"尚未接入工程"，而不是写成"已设计"——
    否则后人读文档会以为成品已经带图标，在真机上找不到时会往别处查
  · 概念文档里「资源目录（图标）」的状态标为"尚未接入"而非"已定"，
    并写明"必须配打包后断言"的理由

■ 结构自检（沿用阶段十五的教训）
  改完 HTML 后逐段读回核对成对标签，确认 4 处插入均未破坏结构：
  · 设计文档：新表格 </tbody></table> 完整，.card / </article> / </main> /
    <aside class="toc"> 均在位；目录项落在 </aside> 之前
  · concepts：第 8 节 3 行、第 9 节 2 行、第 10 节 1 行，各自的
    </tbody></table> 与后续 <h2> 均正常
  说明：原本打算用脚本跑成对标签计数，但命令授权两次超时（未获批准、非拒绝），
  改为逐段读回核对。两种方式结论一致，但**读回核对依赖人工判断**，
  下次仍应优先用脚本计数复查。

■ 影响范围
  本轮只改两份 HTML 文档 + 本工作日志。工程文件（Sources / Resources /
  project.yml / CI）自始至终一行未动，App 仍为系统默认图标。

■ 潜在风险
  1) 两份文档都写了"尚未接入"，将来接入后若忘记回改，文档会与事实相反 ——
     接入时**必须同时**改掉设计文档 B.10 标题里的"尚未接入工程"与概念文档中
     那条状态（已在 P29 里注明"下次改动工程时"）
  2) 图标最终观感仍需真机首页确认，预览图只能排除明显问题

■ 下一步
  1) 图标接入工程（待用户发起）：新增 Resources/Assets.xcassets/AppIcon.appiconset/
     （一张 1024 + Contents.json）、project.yml 补 ASSETCATALOG_COMPILER_APPICON_NAME、
     Info.plist 补 CFBundleIconName、CI 增加"图标真的进了包"的断言
  2) 其余未完成项不变：M2–M6 真机验收（概念文档 P28）
================================================================================

--------------------------------------------------------------------------------
[2026-09-24] 阶段十九：图标改版 —— 正立 E + 手绘感（草案，定稿待确认）
--------------------------------------------------------------------------------

■ 用户反馈（推翻阶段十八的定稿）
  「字母可以摆正啊, 没有手绘的粗糙感, 与原版相差有点大」
  → 两条：① 字母改为**正立**；② 交付的版本过于"解析式几何"，与手稿的手绘感差距明显
  用户选择：正立 E + 抖动幅度取"轻微"（约 8 px）

■ 三处实现改动（docs/icons/make_icon.py）
  1) 朝向：新增 upright 参数
     · **正立 E = 横放形态的转置**（transpose，x↔y 互换）。转置是它自己的逆运算，
       因此不需要第二套几何，只多一次坐标交换；采样顺序为
       「反向倾斜 → 反向转置 → 反向手抖 → 形状判定」。
     · 转置后标记由"宽扁"（576×494）变"瘦高"（494×576），占画布宽由 56% 降到 48%，
       故新增 UPRIGHT_SCALE = 1.08 整体放大，避免比横放版显得单薄。
  2) 手绘感：新增低频噪声位移（low-frequency noise displacement / wobble）
     · 值噪声（value noise）+ smoothstep 插值，两个倍频（波长 260 与 96）叠加成 fbm；
       低频负责"整条边缓慢起伏"，高频负责"笔触的细碎不规则"。只放这两档 ——
       再加更高频就成了毛边噪点，缩到 60 px 时会先变成脏点。
     · **性能关键**：位移场预先算到 4 px 网格（约 6.6 万个点）再做双线性插值。
       若在每个子采样点上直接算噪声，1024 画布要算约 460 万次 × 两路 fbm，
       纯 Python 下需要一两分钟；网格化后快一个数量级，而位移场本身平滑，
       插值造成的差别远小于 1 个像素。
  3) 手绘的三处结构性特征（独立于噪声，可单独开关）
     · 笔端改**圆头**（rb_ratio = 0.5；此前是平切实笔 —— 这是最不像手绘的一处）
     · **腿长微差**（leg_jitter，三条腿末端不等长；手稿里本就不等长）
     · 整体**微倾 1.2°**（tilt_deg，手写几乎不可能完全水平）

■ 新增产物（3 个）
  docs/icons/AppIcon-upright-drawn.png   正立 + 手绘（抖动 8 px、圆头、微倾、腿长微差）
  docs/icons/AppIcon-upright-clean.png   正立 + 纯几何（对照组：不抖、不倾、腿等长）
  docs/icons/preview-upright.png         上排手绘 / 下排纯几何，各 256/180/120/60 px
  说明：早先 4 个横放版的 PNG 与 2 张预览**全部保留**（便于对照与随时回退），
  脚本里仍可一键重出，且输出与改版前逐字节一致（同一随机种子 + 未启用抖动）。

■ 一个必须如实说明的观察
  在 60 px 首页尺寸下，手绘抖动的差异**明显变小** —— 小尺寸下系统重采样把边缘的
  不规则平均掉了，只剩"笔端更圆、更软"这一点还看得出来。
  即：手绘感主要活在大尺寸场景（设置页大图标、启动图、App Store 页面），
  首页那一格里的收益有限。已把两个版本并排放进预览图，让这个判断有依据。

■ 影响范围
  只改 docs/icons/make_icon.py（图标生成器）+ 新增 3 个 PNG。
  **工程文件仍一行未动**，App 仍为系统默认图标。

■ 文档状态（重要，勿误读）
  docs/设计文档.html 的 B.10 与 docs/concepts.html 的相关条目，目前记的是
  「横放 E + 粗笔画」这一版**已定稿** —— 该结论已被本次反馈推翻，
  因此**两份文档暂时处于过期状态**。等新版本确认后一并回写，
  避免一来一回改两遍；下次同步时必须连同"尚未接入工程"的措辞一起处理。

■ 下一步
  1) 用户确认新版本（正立手绘）是否定稿；若定稿则同步设计文档与概念文档
  2) 可微调的三个旋钮：抖动幅度（现 8 px）、倾斜角（现 1.2°）、是否保留腿长微差
  3) 接入工程仍待用户发起（方案见设计文档 B.10）
================================================================================

--------------------------------------------------------------------------------
[2026-09-24] 阶段二十：图标定稿（正立 E + 手绘加重）+ 两份文档回写
--------------------------------------------------------------------------------

■ 用户决策
  1) 定稿：正立 E + 手绘版（AppIcon-upright-drawn.png）
  2) 手绘力度**加重**：抖动 8 px → 14 px，微倾 1.2° → 2°（腿长微差保持最大 10 px）
     已知代价（60 px 尺寸下边缘会开始发毛）用户接受

■ 代码改动（docs/icons/make_icon.py，2 处）
  1) RENDERS 中定稿项参数改为 rough=14.0 / tilt=2.0，描述加【定稿】标记
  2) 模块文档字符串同步（手绘三要素说明与选档理由）

■ 重出产物（同一脚本、随机种子未变，因此仍完全可复现）
  AppIcon-upright-drawn.png   10168 bytes（原 9627；抖动加重后边界更不规则，压缩率略降）
  AppIcon-upright-clean.png    8232 bytes（未变，纯几何对照组）
  preview-upright.png         10822 bytes（上排手绘 / 下排纯几何，256/180/120/60 px）
  早先 4 个横放版 PNG 输出**逐字节未变**（未启用抖动，相关参数未动）

■ 文档回写（本次的"交付一致性"工作）
  1) docs/设计文档.html · B.10
     · 状态卡：写明定稿文件名、对照组文件名、预览文件名、脚本名
     · 表内 4 行改写/新增：
       - 图形来源：改为「手稿是横放的，定稿改为正立」，记下用户反馈原话与转置实现
       - 几何：补正立后的尺寸变化（占画布宽 56% → 48%）与 UPRIGHT_SCALE = 1.08 的理由
       - 画法：补"采样点先经三次反向变换（倾斜 → 转置 → 手抖位移）再判定"
       - 新增「手绘参数」行：抖动 14 px / 微倾 2° / 腿长微差 10 px / 圆头笔端，四者独立可调
     · 新增两张说明卡：
       - 「手绘感是怎么算出来的」：噪声层（值噪声 + smoothstep、两个倍频、4 px 网格 +
         双线性插值的性能理由）+ 结构层（圆头 / 腿长微差 / 微倾）；并写明为什么不加更高倍频
       - 「一条必须如实写下的边界」：60 px 下手绘差异明显变小，手绘感主要活在大尺寸场景
  2) docs/concepts.html
     · 第 8 节新增「手绘感的程序化实现（Procedural Hand-drawn Look）」
     · 「程序化绘制图标」状态由"已落地（设计稿）"改为"已落地（2026-09-24 定稿：正立 E + 手绘）"
     · P29 补定稿版本与参数

■ 本次的一个判断（值得记住）
  加重手绘与"小尺寸可辨认"是一对**真实冲突**，不存在两全：抖动越大，1024 上越像手画，
  60 px 上越糊。定稿选了偏手绘的一档，并把代价明确写进设计文档而不是含糊带过 ——
  因为下次有人看到"首页图标有点糊"时，必须能查到这是**当初知情的取舍**，而不是实现缺陷。

■ 影响范围
  改 1 个生成脚本 + 重出 3 个 PNG + 回写 2 份 HTML 文档 + 本日志。
  **工程文件仍一行未动**（Sources / Resources / project.yml / CI），App 仍为系统默认图标。

■ 潜在风险
  1) 抖动 14 px 在 60 px 尺寸下的观感未经真机确认 —— 预览图是程序合成的近似，
     真机壁纸上（尤其深色壁纸）观感可能再差一点
  2) docs/icons/ 下同时存在横放版 4 个 PNG + 2 张预览（历史版本，共 6 个文件）；
     若确认不再回退可清理，但**不建议**删脚本里对应渲染项（保留回退能力的成本极低）

■ 下一步
  1) 图标接入工程（待用户发起）：Resources/Assets.xcassets/AppIcon.appiconset/ +
     project.yml 的 ASSETCATALOG_COMPILER_APPICON_NAME + Info.plist 的 CFBundleIconName +
     CI 打包后断言；届时记得把"尚未接入工程"的措辞一并改掉
  2) 其余未完成项不变：M2–M6 真机验收（P28）
================================================================================

--------------------------------------------------------------------------------
[2026-09-24] 阶段二十一：改为"在用户原图上改" —— 直接从手稿照片抠真实轮廓
--------------------------------------------------------------------------------

■ 用户反馈
  「感觉还是不行, 你干脆在我给你的图上改不就完了吗」
  → 阶段十九/二十用噪声"模拟"手抖，方向本身就偏了：手绘感不该被模拟，
    而该直接取自手稿本身。本轮改为从原图抠轮廓、只重填纯色。

■ 新增文件
  docs/icons/convert_source.ps1                 原图 JPEG → BMP（纯 ASCII、零安装）
  docs/icons/from_sketch.py                     抠图 → 摆正 → 重填 → 出图标
  docs/icons/source-sketch.jpg                  原图副本 319 KB（原图在 IDE 的临时历史
                                                目录里随时可能被清理，故随仓库保留）
  docs/icons/AppIcon-from-sketch.png           手稿原姿态（横放）
  docs/icons/AppIcon-from-sketch-upright.png   同一轮廓转 90° 正立
  docs/icons/preview-from-sketch.png           两版并排的首页尺寸预览
  说明：source-sketch.bmp 是 2.6 MB 的中间产物，处理完已删除；需要时重跑 ps1 即可。

■ 为什么必须绕这一圈（两处环境限制，都是实打实碰到的）
  1) 本机 Python 没有 Pillow / numpy / OpenCV（实测三者均为 False），无法直接解码
     JPEG。改用系统自带 .NET 的 System.Drawing 转 BMP，再让纯 Python 标准库读 BMP
     —— 全程零安装，不违反"未经确认不装东西"的约定。
  2) **原图路径长度 262 字符，超过 Windows 的 MAX_PATH（259）**。.NET Framework 的
     老文件 API 与 PowerShell 的 Test-Path 一律报"文件不存在"，而 IDE 自己用支持
     长路径的 API 能正常打开 —— 于是出现"工具能列出它、PowerShell 说没有"的诡异
     现象（一开始还怀疑过权限、文件名笔误）。加 `\\?\` 前缀后解决。
     GDI+ 对 `\\?\` 的支持不可靠，所以先把字节拷到工作目录的短路径再解码。
     这条值得记住：**排查"文件不存在"之前，先看一眼路径长度**。

■ 流水线（from_sketch.py，五个步骤各解决一个具体问题）
  1) 降采样 + 连通域 → 取面积最大的暗色块 = 手绘黑方块。用连通域而不是"暗像素的
     外接框"，是为了排除纸张阴影（照片左下角的阴影会把外接框拖偏）。
  2) 在方块内按**绿度**（greenness = G − (R+B)/2）分割绿色标记：纸是灰的、马克笔的
     黑有浓淡且透出纸白斑，这些在亮度上都会干扰分割，但在色彩上都属中性（绿度≈0），
     一票排除。实测绿度峰值 65、>40 的像素 26425 个、>60 仅 5 个 —— 边界非常干净。
  3) 蒙版去噪（只留最大连通块）+ 3×3 平滑（原图标记仅 261×206 像素，要放大 2.2 倍，
     不平滑台阶明显）+ **内部补满**（27507 个像素由半透明补为实心；不补的话内部是
     深浅不匀的斑块，看起来像刻意加的纹理，其实只是素材噪声，很容易被误认为设计）。
     洪泛必须从包围盒边界开始：两个缺口朝下开口、与外界连通，因此不会被误补成实心。
  4) 摆正：用**蒙版自己的上边缘**测斜率，而不是黑方块的边 —— 手绘方块的边本身是弯的，
     线性拟合会被曲率折算成额外斜率（实测上边缘 −8.76°、左边缘 −1.12°，差 8 倍，
     根本不可用，该测量仅保留在日志里说明"为什么不采用"）。
     并且**不靠符号约定**：直接试 ±θ，取残余斜率最小者。实测 +7.78° 让斜率变成 15.26°，
     −7.78° 后残余仅 0.28° —— 用结果定方向，绕开了"图像坐标 y 向下"的符号陷阱
     （第一版正是符号写反，把 −9° 变成了 +9°，看起来像整块歪着）。
  5) 重填纯色（背景 #0B0C0E、标记 #C6E86B）后输出。两版按不同方式适配：横放按宽度
     56%、正立按高度 62% —— 转置后宽高比由 1.36 变 0.735，若都按宽度适配，正立版
     高度会占到画布 76%，在首页上会显得"这一个图标特别大"。

■ 关于素材质量的如实说明（这是当前唯一的质量瓶颈）
  原图只有 810×1080，标记本体约 261×206 像素，放大到图标尺寸是 2.2 倍。轮廓形状是
  忠实的（这正是它相对矢量版的最大价值），但边缘必然偏软。
  **若要让边缘更锐利，唯一有效的办法是换更高分辨率的手稿照片**，继续在代码里加工
  已经触及素材上限。已记入下一步。

■ 与阶段十九/二十产出物的关系
  矢量版（AppIcon-upright-drawn.png 等）与手绘抠图版**并存，不互相替代**：
  矢量版线条受控、参数可精确调；抠图版轮廓真实、但边缘偏软且受素材分辨率限制。
  最终采用哪一版由用户看图决定 —— 本轮不擅自宣布"定稿"。

■ 影响范围
  新增 2 个脚本 + 3 个 PNG + 1 张原图副本；删除 1 个中间 BMP（2.6 MB）。
  工程文件仍一行未动，App 仍为系统默认图标。

■ 下一步
  1) 用户看 preview-from-sketch.png，在"原姿态 / 正立 / 回到矢量版"之间定夺
  2) 若追求更锐利：请提供更高分辨率的原始照片（代码侧已无余量）
  3) 图标接入工程仍待发起（P29）
================================================================================

--------------------------------------------------------------------------------
[2026-09-24] 阶段二十二：图标定稿（手稿抠图 + 正立 + 纯色）+ 文档回写
--------------------------------------------------------------------------------

■ 用户决策
  1) 姿态：**转 90° 正立**（竖脊在左、三笔朝右）
  2) 填充：**保持纯色**（放弃马克笔的笔触浓淡，换取图标级干净度）

■ 定稿
  docs/icons/AppIcon-from-sketch-upright.png
  —— 轮廓取自手稿照片、正立、按高度适配到画布 62%，
     背景 #0B0C0E / 标记 #C6E86B 纯色填充。
  其余产物全部保留：手稿原姿态版、首页尺寸预览、矢量路线（已被取代）、
  抠图流水线（convert_source.ps1 + from_sketch.py）、素材副本 source-sketch.jpg。

■ 文档回写
  1) docs/设计文档.html · B.10（本轮改动最大的一处）
     · 状态卡：定稿图改指抠图正立版；矢量路线标注"已被取代但保留"
     · 表内四处改写：
       - 图形来源 → 手稿抠图，并**记录三轮版本沿革**（读成 m → 用户纠正为 E →
         矢量 + 噪声模拟手抖 → 用户否定 → 改为抠图）
       - "几何" → "尺寸与留白"（不再有固定几何，只剩适配比例，并写明两版为何要分开适配）
       - "画法" → "生成方式"（抠图流水线，含"本机无 Pillow 才绕道 BMP"的原因）
       - "手绘参数" → "抠图关键参数"（绿度阈值 / 平滑 / 自校正摆正 / 内部补满）
     · 换卡：「手绘感是怎么算出来的」→「抠图流水线上的四个判断」，
       并把 **MAX_PATH 陷阱**一并写进去（本轮实际踩到，值得留档）
     · 换卡：「抖动在小尺寸下收益有限」→「素材分辨率就是当前的质量上限」
     · 新增卡：「为什么只保留轮廓、丢掉马克笔纹理」
     · 「几何建模教训」加注为矢量路线时期，避免与抠图路线混淆
  2) docs/concepts.html
     · 第 8 节新增两条：「手稿轮廓提取（Sketch Contour Extraction）」、「素材分辨率上限」
     · 「程序化绘制图标」状态改为"已落地，后被手稿轮廓提取取代"
     · 「手绘感的程序化实现」状态改为"已被取代"（标注属矢量路线手法）
     · 「图标蒙版与安全区」的留白数值按新定稿修正（标记约 467 × 635，
       横向留白 278 / 纵向 194）
     · P29 改写为抠图定稿版；新增 **P30**（换更高分辨率的手稿照片）

■ 一条必须写进文档、而不只是写进日志的取舍
  "只保留轮廓"是个**有代价的选择**：手绘感从此全部来自**轮廓形状**，不再有笔触质感。
  之所以这么做，是因为保留纹理就必须连纸纹、光照渐变、JPEG 噪点一起带进图标，
  而深色底会把它们放大成不均匀灰斑 —— 与 iOS 图标要求的干净度直接冲突。
  用户选了纯色，但代价必须写明：否则后人会以为"这就是手稿的原貌"。

■ 影响范围
  本轮只改 2 份 HTML 文档 + 本日志；图标产物与脚本在阶段二十一已生成，本轮未再改动。
  工程文件仍一行未动，App 仍为系统默认图标。

■ 待办
  1) P30：换一张更高分辨率的手稿照片（唯一的边缘锐度提升途径）
  2) P29：图标接入工程（待用户发起）
  3) 矢量路线的产物（AppIcon-upright-*.png、AppIcon-1024-*.png 共 6 个 + 2 张预览图）
     仍在 docs/icons/ 下；若确认不再回退可清理，但脚本中的对应渲染项建议保留 ——
     保留回退能力的成本极低，而删掉之后要重建就得重新调参。
================================================================================

--------------------------------------------------------------------------------
[2026-09-24] 阶段二十三：P29 执行 —— 图标接入工程
--------------------------------------------------------------------------------

■ 用户指令
  「P29」—— 即执行设计文档 B.10 中已设计好的图标接入方案（不再只是设计稿）。

■ 改动清单（四处，与 B.10 方案一致）
  1) 新增 Resources/Assets.xcassets/          （资源目录根 Contents.json）
     新增 Resources/Assets.xcassets/AppIcon.appiconset/Contents.json
     新增 Resources/Assets.xcassets/AppIcon.appiconset/AppIcon-1024.png
          —— 拷自定稿 docs/icons/AppIcon-from-sketch-upright.png（35,529 字节）
          单一尺寸格式：idiom=universal, platform=ios, size=1024x1024，
          其余尺寸由 Xcode 生成（iOS 14+ 起支持）
  2) project.yml：target 的 settings.base 补
     ASSETCATALOG_COMPILER_APPICON_NAME: AppIcon
     （Resources 已在 resources 构建阶段里，.xcassets 会被 actool 编译成 Assets.car）
  3) Resources/Info.plist：显式补 CFBundleIconName = AppIcon
     理由：本工程 GENERATE_INFOPLIST_FILE = NO、plist 是手写的，
     依赖 Xcode 自动注入不可靠；而这一项漏了的后果是**图标完全不出现、构建却不报错**。
  4) .github/workflows/ios-build.yml 的 Verify ipa contents 增加三条图标断言：
     · Assets.car 必须存在（否则资源目录未参与编译）
     · CFBundleIconName 必须等于 AppIcon（否则设备找不到图标）
     · 用 assetutil 查 Assets.car 内确有 AppIcon 条目（取不到 assetutil 时
       退化为在二进制里查名字）—— 名字对不上时构建照样成功，所以必须查内容，
       不能只查"文件在不在"

■ 本地已验证的（都是能立刻验证、且不验证就会在上 CI 时才暴露的）
  · 两个 Contents.json 内容正确、格式合法（已读回核对）
  · AppIcon-1024.png 是有效 PNG、1024×1024、内容为定稿的手绘正立 E（已读回看图）
  · .gitignore 不会挡住新文件（它只排除 Resources/SherpaModels/ 与 WordLists/）
  · Info.plist 的键位正确（读回确认插在 CFBundleVersion 之后）
  · project.yml 的键位正确（读回确认在 settings.base 内）
  · CI 的三条断言已插入到 "verify passed" 之前（读回确认）
  · 文档里 "尚未接入" 字样已 0 残留（全文检索确认）

■ 本地**无法**验证的三项（必须由 CI / 真机回答，如实登记）
  1) Xcode 的 actool 是否接受"单一尺寸"这种 appiconset 格式
     —— 若不接受，会在 CI 的编译步骤直接报错，注解能读到
  2) XcodeGen 是否把 .xcassets 正确放进 resources 构建阶段
     —— 若没放，verify 的 Assets.car 断言会拦住（这正是加它的原因）
  3) 图标在真机首页上的实际观感（尤其深色壁纸下、以及 60 px 尺寸下）
     这三项里，前两项已被断言覆盖；第三项只能侧载后由人眼判断。

■ 一个已知未处理项（刻意留的）
  iOS 18 支持深色 / 着色（dark / tinted）图标变体，本次只提供默认变体，
  交由系统自动派生。理由：本图标的底已经是极深的近黑、标记是单色，
  自动派生大概率可用；若真机上发现深色模式观感不佳再补变体，
  现在补等于在没看到问题之前先做一遍无用功。已写入设计文档 B.10。

■ 文档同步（此前登记的"文档会变假"风险，此刻处理）
  1) docs/设计文档.html · B.10
     · 标题：去掉"尚未接入工程"
     · 状态卡：改为"已接入"并列出四处改动与各文件角色
     · 接入方案卡：由"（已设计，未执行）"改为"（2026-09-24 已执行）"，
       补写 Info.plist 为何手写、CI 三条断言为何不可省、以及深色变体未处理
  2) docs/concepts.html
     · 「资源目录（图标）」状态：尚未接入 → 已接入，并写明三条断言已落地
     · P29：标记为"已完成（2026-09-24）"

■ 影响范围
  新增 3 个文件（2 个 JSON + 1 个 PNG）；修改 3 个工程文件（project.yml /
  Info.plist / CI 工作流）；同步 2 份文档与本日志。
  **未触碰任何 Swift 源码**（Sources/ 一行未改）。

■ 潜在风险
  1) 若 actool 不接受单一尺寸格式，CI 会失败 —— 属于一轮内可修的问题
     （退路明确：改成传统的多尺寸 appiconset，或补 @2x/@3x 切片）
  2) 首次 CI 会重新生成工程（xcodegen generate），工程定义的改动生效需要
     一次完整构建；本轮不涉及第三方依赖变更，命中缓存的概率高
  3) 提交推送前未在本机做任何 git 操作（遵守"未经要求不提交"的约定）

■ 下一步（待用户发起）
  1) 提交并推送触发 CI（双击 start.bat，或 .\start.ps1 -Wait）
  2) CI 通过后下载 ipa 侧载，确认首页图标已换、且 60 px 下仍可辨认
  3) 若观感不佳：P30（提高素材分辨率）是唯一的锐度提升途径
================================================================================

--------------------------------------------------------------------------------
[2026-09-24] 真机 bug 修复（录音计时不动 / 模型未下载提示无入口）
             ※ 按主题命名，不带阶段号
--------------------------------------------------------------------------------
※ 为什么不用「阶段 N」：本次与图标工作（阶段十七～二十）是**两个会话并行**在改
  同一仓库，阶段号在赛跑、会撞号。故本条按主题命名。

■ 用户真机反馈（首次真机验收的产出，对应概念文档 P28）
  1) 录音的时候时间不动
  2) 模型「Base」尚未下载，说是去设置下载，没看到设置菜单
  两条看着像"两个小 UI 问题"，实际是两类缺陷：
  一类是「界面数字不与判据同源」，一类是「提示指向一个当前页面没有的入口」。

■ Bug 1：录音时「已录时长」不动（界面数字不与判据同源）
  根因：snapshot.recordedMs 只在**分片收尾**时被赋值，而值来自
  manifest.recordedMs（= 最后一个【已收尾】分片的 endMs）。
  分片是 60 秒一块 —— 于是录音的前 60 秒界面恒定显示 00:00，
  第一片收尾才跳到 01:00。真机上被直接读成"没在录"。
  用户截图里的四项数字（已录时长 00:00 / 分片数 0 / 落盘耗时 0 ms / 丢弃帧数 0）
  与这条解释完全吻合。
  另由截图可反推**录音其实是正常的**：若音频真的没进来，看门狗会在 3 秒内
  判定停滞、状态转为"已被中断"并产生断口 —— 而截图里状态一直是"正在录音"
  且无断口区。即：采集正常，错的是显示。

  修法：改由**采样计数**每秒推进 —— 复用看门狗已有的 1 秒定时器与 totalWritten
  探针（它本来就在读同一个值，只是只用于停滞判定、没喂给界面；另起一个定时器
  迟早会出现"界面数字与看门狗判定不一致"）。
  顺带把「丢弃帧数」也改成实时刷新：它是判断录音是否健康的唯一依据，
  等到 60 秒后才更新，等于在最需要它的头一分钟里看不到它。

  三处必须一起处理，否则会修出新问题：
  1) **环形缓冲跨会话复用且计数只增不减**（AudioRingBuffer 是 let 属性、没有 reset）。
     直接用 totalWritten 会让第二次录音一开机就显示上一次的时长，误差随使用次数增长。
     → 在 engine.start 之前取 frameBaseAtSessionStart，用差值。
  2) **分片收尾时不能直接赋值**：采样计数已走到 61 秒，而未收尾分片只有 60 秒，
     会把进度往回拉一秒（每分钟抖一次）。
     → 改为取较大者：录制中由心跳领先，收尾时 manifest 合计（含最后不足一片的尾巴）接管。
  3) **中断期间数字会停住 —— 这是刻意的**：已录时长就该等于真正录到的音频长度，
     漏了多少由「断口」独立如实显示，不摊进时长里假装连续（正文 11.2 第 2 条）。

■ Bug 2 及其同类：提示指向找不到的入口（一处变三处）
  根因：引导语说"到设置中下载"，而设置入口只是**录音页右上角一枚齿轮**。
  排查后发现这不是一处文案问题，而是同一缺陷在三处各出现一次：
  1) 录音页 · 实时字幕未启动
  2) 会话详情页 · 终稿模型未下载 —— 而**这一页原本完全没有设置入口**，
     用户得自己想到"切回录音页、找右上角、点齿轮"三步
  3) 跟读页（弹层）· 跟读模型未下载 —— 同上，且它是个 sheet，够不到设置
  处置：
  · 新增 Sources/Features/Settings/OpenModelSettingsButton.swift
    （**设置入口的唯一一份定义**，自带设置页弹层），三处复用。
    只抽按钮、不连文案一起抽 —— 三处的原因陈述必须各不相同
    （缺的是实时模型 / 终稿模型 / 跟读模型，后续动作也不同）。
    各写一遍的结果必然是先文案不一致、再有的给按钮有的没给。
  · 会话详情页另补 toolbar 齿轮：这一页在任何语境下都该有设置入口。
  · TranscriptionError.modelNotInstalled 文案补上入口名称。

■ 顺带查出一个更严重的连带问题：记录页的转写失败原因**哪里都不显示**
  失败时 TranscriptionService 把 runningSessionId 置为 nil，
  而会话详情页只在 runningSessionId == manifest.id 时渲染 transcribingView ——
  于是用户点「转写为文字」表现为**完全没反应**：既不进转写态、也不显示失败原因。
  这正是本项目自己在导出按钮处写下禁止的行为（"不给一个点了没反应的按钮"）。
  修法：
  · stage 为 .failed 时在空态里显示失败原因
  · 新增 TranscriptionService.failedSessionId，限定只显示**本会话**的失败 ——
    stage 是全局的，不加限定会把"转写 A 失败"的原因显示在 B 的页面上。
    该字段在 transcribe 开始时清空、失败时归属、成功/取消时清空。

■ 跟读页：模型缺失时不给"重试"
  "重试"在模型未下载时是**无效按钮**（再录一次仍会失败）。
  改为给下载入口；判据由引擎给出（PronunciationPractice.isModelInstalled），
  而不是让界面去失败文案里找关键字 —— 那会随文案改动而失效、且没有编译期提示。

■ 新增/修改文件
  新增 1：Sources/Features/Settings/OpenModelSettingsButton.swift
  修改 8：
    Sources/Capture/CaptureWatchdog.swift             新增 onTick 心跳回调
    Sources/Capture/RecordingSession.swift            每秒按采样计数刷新已录时长
    Sources/Features/Record/RecordView.swift          入口按钮 + 运行指标 footer 说明
    Sources/Features/Sessions/SessionListView.swift   失败原因 + 入口 + toolbar 齿轮
    Sources/Features/Learn/PracticeView.swift         模型缺失时给入口而非重试
    Sources/Learn/PronunciationPractice.swift         新增 isModelInstalled
    Sources/ASR/TranscriptionService.swift            新增 failedSessionId
    Sources/Store/Transcript.swift                    文案补入口名称

■ 本次固化的两条判据（待记入概念文档）
  1) **界面上的实时数字必须与判据同源**。
     "已录时长"的判据是**采集到的样本数**，不是"已收尾的分片数"。
     用后者做显示，就会出现"数字在事实发生之后 60 秒才出现"——
     而用户会把它读成"功能没工作"。判据同源还有一层好处：
     它天然诚实 —— 中断期间没有样本，数字自然停住，不需要额外判断。
  2) **提示必须自带入口**。
     一条写着"请到设置中下载"的提示，若当前页面没有设置入口，
     它就不是提示而是死胡同。判据：把提示读一遍，问"下一步的按钮在哪"，
     若答案是"在另一个页面的某个角落"，就必须在这里放一个入口。

■ 失败归属的三个层级（本次的一条经验）
  报错从产生到显示中间有三层：服务层（全局 stage）、归属（哪个会话/哪次操作）、
  呈现（哪一页显示）。本次问题出在第二层被漏掉：全局 stage 没有"归属于谁"的信息，
  于是要么显示在错误的页面、要么（本例）因渲染条件依赖另一个字段而**完全不显示**。
  凡是"全局状态 + 多实例页面"的组合，都要显式带上归属 id。

■ CI 结果
  · 51712c3（今日两个 bug 的修复）**success**，失败级注解 0、源码告警 0
  · 86a7273（本轮三处入口 + 失败原因）本地已提交并推送；
    因命令授权弹窗多次超时（未获批准、非拒绝），**CI 结果尚未确认** ——
    这是本条最需要跟进的一项，勿当成已验证。

■ 待跟进 / 边界
  1) 86a7273 的 CI 尚未确认（见上）
  2) 两份 HTML 文档**本轮未回写**：另一会话正在同时改这两个文件
     （阶段十八～二十的图标内容），此时插入会互相覆盖。
     上面那两条判据待其完成后一并补入 concepts.html，避免写两遍。
  3) 「已录时长」的修正只有真机才能最终确认：装新包后应看到它**从第 1 秒起就在走**。
     若仍不走，则说明音频确实没进来（那时状态会先变"已被中断"，看门狗 3 秒内必报）
  4) 设置入口现为"齿轮 + 提示内按钮"两条路径，未做统一的"模型未就绪"总览页；
     若三处提示继续增加，应考虑在设置页顶部给出"缺哪些模型"的集中入口
================================================================================

--------------------------------------------------------------------------------
[2026-09-24] 构建验证结果（d045664）—— 图标接入的未知项已由 CI 回答
--------------------------------------------------------------------------------

■ 结果：**success，失败级注解 0**

■ 回答了什么（阶段二十三登记的三项"本地无法验证"，前两项至此闭环）
  1) actool 是否接受「单一尺寸」appiconset 格式 → **接受**。编译步骤无报错，
     即：不需要退回传统的多尺寸 appiconset（那条退路可以不再准备）
  2) XcodeGen 是否把 .xcassets 正确放进 resources 构建阶段 → **已放入**。
     证据是 verify 断言通过：`[notice] Assets.car 中确认存在 AppIcon 条目`
     这条证据的强度值得说明：它证明的是资源目录**参与了 actool 编译**、
     且编译产物里**确实有 AppIcon 这一项** —— 比"文件在不在"强得多。
     （名字对不上时构建照样成功，所以当初坚持查内容而不是查文件，是对的）
  3) 图标在真机首页的实际观感 → **仍需侧载后由人眼判断**（唯一剩下的一项）

■ 同时被一并验证到的
  · 提交 86a7273 的 Swift 改动（三处设置入口 + 记录页失败原因显示 +
    recordedMs 改按采样计数）—— d045664 含该提交，故编译通过已得证
  · 内置资源全部在位：英/中词频表（9999 行 / 20000 行）、
    四个 sherpa 模型（VAD 643854 / 降噪 535638 / 分割 5992913 / 声纹 28281164 bytes）

■ 下一步
  1) 侧载 d045664 构建的 ipa：确认首页图标已换、且 60 px 尺寸下仍可辨认
  2) 真机验收清单不变（概念文档 P28），本次新增两项具体观察点：
     · 「已录时长」应从**第 1 秒起**就在走（Bug 1 的修正是否生效）
     · 三处「去设置下载模型」都应**一次点到**设置页（Bug 2 的修正是否生效）
================================================================================
